[Fri Aug 15 13:07:02 2025] PHP 8.4.11 Development Server (http://localhost:8080) started
[Fri Aug 15 13:07:11 2025] [::1]:57563 Accepted
[Fri Aug 15 13:07:11 2025] [::1]:57563 [200]: GET /api/products
[Fri Aug 15 13:07:11 2025] [::1]:57563 Closing
[Fri Aug 15 13:07:22 2025] [::1]:57658 Accepted
[Fri Aug 15 13:07:22 2025] [::1]:57658 [200]: GET /api/products
[Fri Aug 15 13:07:22 2025] [::1]:57658 Closing
[Fri Aug 15 13:07:39 2025] [::1]:57777 Accepted
[Fri Aug 15 13:07:39 2025] [::1]:57777 [200]: GET /api/products
[Fri Aug 15 13:07:39 2025] [::1]:57777 Closing
[Fri Aug 15 13:07:49 2025] [::1]:57856 Accepted
[Fri Aug 15 13:07:49 2025] [::1]:57856 [200]: GET /api/products
[Fri Aug 15 13:07:49 2025] [::1]:57856 Closing
[Fri Aug 15 13:08:06 2025] [::1]:57945 Accepted
[Fri Aug 15 13:08:06 2025] [::1]:57945 [200]: GET /api/products
[Fri Aug 15 13:08:06 2025] [::1]:57945 Closing
[Fri Aug 15 13:08:20 2025] [::1]:58030 Accepted
[Fri Aug 15 13:08:20 2025] [::1]:58030 [200]: GET /api/products
[Fri Aug 15 13:08:20 2025] [::1]:58030 Closing
[Fri Aug 15 13:08:33 2025] [::1]:58139 Accepted
[Fri Aug 15 13:08:33 2025] [::1]:58139 [200]: GET /api/products
[Fri Aug 15 13:08:33 2025] [::1]:58139 Closing
[Fri Aug 15 13:09:51 2025] [::1]:58746 Accepted
[Fri Aug 15 13:09:51 2025] [::1]:58746 [200]: GET /api/products
[Fri Aug 15 13:09:51 2025] [::1]:58746 Closing
[Fri Aug 15 13:10:25 2025] [::1]:58991 Accepted
[Fri Aug 15 13:10:25 2025] [::1]:58991 [200]: GET /api/products
[Fri Aug 15 13:10:25 2025] [::1]:58991 Closing
[Fri Aug 15 13:16:13 2025] [::1]:60522 Accepted
[Fri Aug 15 13:16:13 2025] [::1]:60523 Accepted
[Fri Aug 15 13:16:13 2025] [::1]:60522 [200]: OPTIONS /api/products
[Fri Aug 15 13:16:13 2025] [::1]:60522 Closing
[Fri Aug 15 13:16:13 2025] [::1]:60523 [200]: OPTIONS /api/products
[Fri Aug 15 13:16:13 2025] [::1]:60523 Closing
[Fri Aug 15 13:16:13 2025] [::1]:60526 Accepted
[Fri Aug 15 13:16:13 2025] [::1]:60526 [200]: GET /api/products
[Fri Aug 15 13:16:13 2025] [::1]:60526 Closing
[Fri Aug 15 13:16:13 2025] [::1]:60527 Accepted
[Fri Aug 15 13:16:13 2025] [::1]:60527 [200]: GET /api/products
[Fri Aug 15 13:16:13 2025] [::1]:60527 Closing
[Fri Aug 15 13:16:13 2025] [::1]:60528 Accepted
[Fri Aug 15 13:16:13 2025] [::1]:60528 [200]: GET /api/texts-common
[Fri Aug 15 13:16:13 2025] [::1]:60528 Closing
[Fri Aug 15 13:16:13 2025] [::1]:60529 Accepted
[Fri Aug 15 13:16:13 2025] [::1]:60529 [200]: GET /api/texts-common
[Fri Aug 15 13:16:13 2025] [::1]:60529 Closing
[Fri Aug 15 13:16:16 2025] [::1]:60538 Accepted
[Fri Aug 15 13:16:16 2025] [::1]:60538 [200]: GET /api/products
[Fri Aug 15 13:16:16 2025] [::1]:60538 Closing
[Fri Aug 15 13:16:16 2025] [::1]:60540 Accepted
[Fri Aug 15 13:16:16 2025] [::1]:60540 [200]: GET /api/texts-common
[Fri Aug 15 13:16:16 2025] [::1]:60540 Closing
[Fri Aug 15 13:16:16 2025] [::1]:60542 Accepted
[Fri Aug 15 13:16:16 2025] [::1]:60542 [200]: GET /api/texts-common
[Fri Aug 15 13:16:16 2025] [::1]:60542 Closing
[Fri Aug 15 13:16:20 2025] [::1]:60562 Accepted
[Fri Aug 15 13:16:20 2025] [::1]:60562 [200]: OPTIONS /api/products
[Fri Aug 15 13:16:20 2025] [::1]:60562 Closing
[Fri Aug 15 13:16:20 2025] [::1]:60564 Accepted
[Fri Aug 15 13:16:20 2025] [::1]:60564 [200]: GET /api/products
[Fri Aug 15 13:16:20 2025] [::1]:60564 Closing
[Fri Aug 15 13:16:20 2025] [::1]:60565 Accepted
[Fri Aug 15 13:16:20 2025] [::1]:60565 [200]: GET /api/texts-common
[Fri Aug 15 13:16:20 2025] [::1]:60565 Closing
[Fri Aug 15 13:16:20 2025] [::1]:60566 Accepted
[Fri Aug 15 13:16:20 2025] [::1]:60566 [200]: GET /api/texts-common
[Fri Aug 15 13:16:20 2025] [::1]:60566 Closing
[Fri Aug 15 13:16:37 2025] [::1]:60573 Accepted
[Fri Aug 15 13:16:37 2025] [::1]:60574 Accepted
[Fri Aug 15 13:16:37 2025] [::1]:60573 [200]: GET /api/texts-common
[Fri Aug 15 13:16:37 2025] [::1]:60573 Closing
[Fri Aug 15 13:16:37 2025] [::1]:60575 Accepted
[Fri Aug 15 13:16:37 2025] [::1]:60574 [200]: OPTIONS /api/products
[Fri Aug 15 13:16:37 2025] [::1]:60574 Closing
[Fri Aug 15 13:16:37 2025] [::1]:60578 Accepted
[Fri Aug 15 13:16:37 2025] [::1]:60575 [200]: OPTIONS /api/products
[Fri Aug 15 13:16:37 2025] [::1]:60575 Closing
[Fri Aug 15 13:16:37 2025] [::1]:60578 [200]: GET /api/texts-common
[Fri Aug 15 13:16:37 2025] [::1]:60578 Closing
[Fri Aug 15 13:16:37 2025] [::1]:60579 Accepted
[Fri Aug 15 13:16:37 2025] [::1]:60579 [200]: GET /api/products
[Fri Aug 15 13:16:37 2025] [::1]:60579 Closing
[Fri Aug 15 13:16:37 2025] [::1]:60580 Accepted
[Fri Aug 15 13:16:37 2025] [::1]:60580 [200]: GET /api/products
[Fri Aug 15 13:16:37 2025] [::1]:60580 Closing
[Fri Aug 15 13:17:18 2025] [::1]:60662 Accepted
[Fri Aug 15 13:17:18 2025] [::1]:60663 Accepted
[Fri Aug 15 13:17:18 2025] [::1]:60662 [200]: OPTIONS /api/products
[Fri Aug 15 13:17:18 2025] [::1]:60662 Closing
[Fri Aug 15 13:17:18 2025] [::1]:60663 [200]: OPTIONS /api/products
[Fri Aug 15 13:17:18 2025] [::1]:60663 Closing
[Fri Aug 15 13:17:18 2025] [::1]:60665 Accepted
[Fri Aug 15 13:17:18 2025] [::1]:60665 [200]: GET /api/products
[Fri Aug 15 13:17:18 2025] [::1]:60665 Closing
[Fri Aug 15 13:17:18 2025] [::1]:60666 Accepted
[Fri Aug 15 13:17:18 2025] [::1]:60666 [200]: GET /api/products
[Fri Aug 15 13:17:18 2025] [::1]:60666 Closing
[Fri Aug 15 13:17:18 2025] [::1]:60667 Accepted
[Fri Aug 15 13:17:18 2025] [::1]:60667 [200]: GET /api/texts-common
[Fri Aug 15 13:17:18 2025] [::1]:60667 Closing
[Fri Aug 15 13:17:18 2025] [::1]:60668 Accepted
[Fri Aug 15 13:17:18 2025] [::1]:60668 [200]: GET /api/texts-common
[Fri Aug 15 13:17:18 2025] [::1]:60668 Closing
[Fri Aug 15 13:17:21 2025] [::1]:60677 Accepted
[Fri Aug 15 13:17:21 2025] [::1]:60677 [200]: GET /api/texts-common
[Fri Aug 15 13:17:21 2025] [::1]:60677 Closing
[Fri Aug 15 13:17:21 2025] [::1]:60678 Accepted
[Fri Aug 15 13:17:21 2025] [::1]:60678 [200]: GET /api/products
[Fri Aug 15 13:17:21 2025] [::1]:60678 Closing
[Fri Aug 15 13:17:21 2025] [::1]:60679 Accepted
[Fri Aug 15 13:17:21 2025] [::1]:60679 [200]: GET /api/texts-common
[Fri Aug 15 13:17:21 2025] [::1]:60679 Closing
[Fri Aug 15 13:17:21 2025] [::1]:60680 Accepted
[Fri Aug 15 13:17:21 2025] [::1]:60680 [200]: GET /api/products
[Fri Aug 15 13:17:21 2025] [::1]:60680 Closing
[Fri Aug 15 13:17:23 2025] [::1]:60681 Accepted
[Fri Aug 15 13:17:23 2025] [::1]:60681 [200]: GET /api/products
[Fri Aug 15 13:17:23 2025] [::1]:60681 Closing
[Fri Aug 15 13:17:23 2025] [::1]:60682 Accepted
[Fri Aug 15 13:17:23 2025] [::1]:60682 [200]: GET /api/texts-common
[Fri Aug 15 13:17:23 2025] [::1]:60682 Closing
[Fri Aug 15 13:17:23 2025] [::1]:60683 Accepted
[Fri Aug 15 13:17:23 2025] [::1]:60683 [200]: GET /api/texts-common
[Fri Aug 15 13:17:23 2025] [::1]:60683 Closing
[Fri Aug 15 13:17:24 2025] [::1]:60687 Accepted
[Fri Aug 15 13:17:24 2025] [::1]:60687 [200]: OPTIONS /api/
[Fri Aug 15 13:17:24 2025] [::1]:60687 Closing
[Fri Aug 15 13:17:24 2025] [::1]:60689 Accepted
[Fri Aug 15 13:17:24 2025] [::1]:60689 [200]: GET /api/
[Fri Aug 15 13:17:24 2025] [::1]:60689 Closing
[Fri Aug 15 13:17:24 2025] [::1]:60690 Accepted
[Fri Aug 15 13:17:24 2025] [::1]:60690 [200]: OPTIONS /api/texts-common
[Fri Aug 15 13:17:24 2025] [::1]:60690 Closing
[Fri Aug 15 13:17:24 2025] [::1]:60691 Accepted
[Fri Aug 15 13:17:24 2025] [::1]:60691 [200]: GET /api/texts-common
[Fri Aug 15 13:17:24 2025] [::1]:60691 Closing
[Fri Aug 15 13:17:24 2025] [::1]:60692 Accepted
[Fri Aug 15 13:17:24 2025] [::1]:60692 [200]: OPTIONS /api/texts-pages
[Fri Aug 15 13:17:24 2025] [::1]:60692 Closing
[Fri Aug 15 13:17:24 2025] [::1]:60693 Accepted
[Fri Aug 15 13:17:24 2025] [::1]:60693 [200]: GET /api/texts-pages
[Fri Aug 15 13:17:24 2025] [::1]:60693 Closing
[Fri Aug 15 13:17:24 2025] [::1]:60694 Accepted
[Fri Aug 15 13:17:24 2025] [::1]:60694 [200]: OPTIONS /api/texts-forms
[Fri Aug 15 13:17:24 2025] [::1]:60694 Closing
[Fri Aug 15 13:17:24 2025] [::1]:60695 Accepted
[Fri Aug 15 13:17:24 2025] [::1]:60695 [200]: GET /api/texts-forms
[Fri Aug 15 13:17:24 2025] [::1]:60695 Closing
[Fri Aug 15 13:17:24 2025] [::1]:60696 Accepted
[Fri Aug 15 13:17:24 2025] [::1]:60696 [200]: OPTIONS /api/products
[Fri Aug 15 13:17:24 2025] [::1]:60696 Closing
[Fri Aug 15 13:17:24 2025] [::1]:60697 Accepted
[Fri Aug 15 13:17:24 2025] [::1]:60697 [200]: GET /api/products
[Fri Aug 15 13:17:24 2025] [::1]:60697 Closing
[Fri Aug 15 13:17:24 2025] [::1]:60698 Accepted
[Fri Aug 15 13:17:24 2025] [::1]:60698 [200]: OPTIONS /api/categories
[Fri Aug 15 13:17:24 2025] [::1]:60698 Closing
[Fri Aug 15 13:17:24 2025] [::1]:60699 Accepted
[Fri Aug 15 13:17:24 2025] [::1]:60699 [200]: GET /api/categories
[Fri Aug 15 13:17:24 2025] [::1]:60699 Closing
[Fri Aug 15 13:17:24 2025] [::1]:60700 Accepted
[Fri Aug 15 13:17:24 2025] [::1]:60700 [200]: OPTIONS /api/brands
[Fri Aug 15 13:17:24 2025] [::1]:60700 Closing
[Fri Aug 15 13:17:24 2025] [::1]:60701 Accepted
[Fri Aug 15 13:17:24 2025] [::1]:60701 [200]: GET /api/brands
[Fri Aug 15 13:17:24 2025] [::1]:60701 Closing
[Fri Aug 15 13:17:24 2025] [::1]:60702 Accepted
[Fri Aug 15 13:17:24 2025] [::1]:60702 [200]: OPTIONS /api/contacts
[Fri Aug 15 13:17:24 2025] [::1]:60702 Closing
[Fri Aug 15 13:17:24 2025] [::1]:60703 Accepted
[Fri Aug 15 13:17:24 2025] [::1]:60703 [200]: GET /api/contacts
[Fri Aug 15 13:17:24 2025] [::1]:60703 Closing
[Fri Aug 15 13:17:32 2025] [::1]:60706 Accepted
[Fri Aug 15 13:17:32 2025] [::1]:60706 [200]: GET /upload.php
[Fri Aug 15 13:17:32 2025] [::1]:60706 Closing
[Fri Aug 15 13:17:32 2025] [::1]:60707 Accepted
[Fri Aug 15 13:17:32 2025] [::1]:60707 [200]: GET /upload.php
[Fri Aug 15 13:17:32 2025] [::1]:60707 Closing
[Fri Aug 15 13:18:05 2025] [::1]:60718 Accepted
[Fri Aug 15 13:18:05 2025] [::1]:60718 [200]: GET /upload.php
[Fri Aug 15 13:18:05 2025] [::1]:60718 Closing
[Fri Aug 15 13:18:05 2025] [::1]:60720 Accepted
[Fri Aug 15 13:18:05 2025] [::1]:60720 [200]: GET /upload.php
[Fri Aug 15 13:18:05 2025] [::1]:60720 Closing
[Fri Aug 15 13:18:50 2025] [::1]:60907 Accepted
[Fri Aug 15 13:18:50 2025] [::1]:60907 [200]: GET /api/products
[Fri Aug 15 13:18:50 2025] [::1]:60907 Closing
[Fri Aug 15 13:22:28 2025] [::1]:62104 Accepted
[Fri Aug 15 13:22:28 2025] [::1]:62104 [200]: GET /api/products
[Fri Aug 15 13:22:28 2025] [::1]:62104 Closing
[Fri Aug 15 13:23:35 2025] [::1]:62274 Accepted
[Fri Aug 15 13:23:35 2025] [::1]:62274 [200]: OPTIONS /api/
[Fri Aug 15 13:23:35 2025] [::1]:62274 Closing
[Fri Aug 15 13:23:35 2025] [::1]:62279 Accepted
[Fri Aug 15 13:23:35 2025] [::1]:62279 [200]: GET /api/
[Fri Aug 15 13:23:35 2025] [::1]:62279 Closing
[Fri Aug 15 13:23:35 2025] [::1]:62280 Accepted
[Fri Aug 15 13:23:35 2025] [::1]:62280 [200]: OPTIONS /api/texts-common
[Fri Aug 15 13:23:35 2025] [::1]:62280 Closing
[Fri Aug 15 13:23:35 2025] [::1]:62281 Accepted
[Fri Aug 15 13:23:35 2025] [::1]:62281 [200]: GET /api/texts-common
[Fri Aug 15 13:23:35 2025] [::1]:62281 Closing
[Fri Aug 15 13:23:35 2025] [::1]:62282 Accepted
[Fri Aug 15 13:23:35 2025] [::1]:62282 [200]: OPTIONS /api/texts-pages
[Fri Aug 15 13:23:35 2025] [::1]:62282 Closing
[Fri Aug 15 13:23:35 2025] [::1]:62283 Accepted
[Fri Aug 15 13:23:35 2025] [::1]:62283 [200]: GET /api/texts-pages
[Fri Aug 15 13:23:35 2025] [::1]:62283 Closing
[Fri Aug 15 13:23:35 2025] [::1]:62284 Accepted
[Fri Aug 15 13:23:35 2025] [::1]:62284 [200]: OPTIONS /api/texts-forms
[Fri Aug 15 13:23:35 2025] [::1]:62284 Closing
[Fri Aug 15 13:23:35 2025] [::1]:62285 Accepted
[Fri Aug 15 13:23:35 2025] [::1]:62285 [200]: GET /api/texts-forms
[Fri Aug 15 13:23:35 2025] [::1]:62285 Closing
[Fri Aug 15 13:23:35 2025] [::1]:62286 Accepted
[Fri Aug 15 13:23:35 2025] [::1]:62286 [200]: OPTIONS /api/products
[Fri Aug 15 13:23:35 2025] [::1]:62286 Closing
[Fri Aug 15 13:23:35 2025] [::1]:62287 Accepted
[Fri Aug 15 13:23:35 2025] [::1]:62287 [200]: GET /api/products
[Fri Aug 15 13:23:35 2025] [::1]:62287 Closing
[Fri Aug 15 13:23:35 2025] [::1]:62289 Accepted
[Fri Aug 15 13:23:35 2025] [::1]:62289 [200]: OPTIONS /api/categories
[Fri Aug 15 13:23:35 2025] [::1]:62289 Closing
[Fri Aug 15 13:23:35 2025] [::1]:62290 Accepted
[Fri Aug 15 13:23:35 2025] [::1]:62290 [200]: GET /api/categories
[Fri Aug 15 13:23:35 2025] [::1]:62290 Closing
[Fri Aug 15 13:23:35 2025] [::1]:62291 Accepted
[Fri Aug 15 13:23:35 2025] [::1]:62291 [200]: OPTIONS /api/brands
[Fri Aug 15 13:23:35 2025] [::1]:62291 Closing
[Fri Aug 15 13:23:35 2025] [::1]:62292 Accepted
[Fri Aug 15 13:23:35 2025] [::1]:62292 [200]: GET /api/brands
[Fri Aug 15 13:23:35 2025] [::1]:62292 Closing
[Fri Aug 15 13:23:35 2025] [::1]:62293 Accepted
[Fri Aug 15 13:23:35 2025] [::1]:62293 [200]: OPTIONS /api/contacts
[Fri Aug 15 13:23:35 2025] [::1]:62293 Closing
[Fri Aug 15 13:23:35 2025] [::1]:62294 Accepted
[Fri Aug 15 13:23:35 2025] [::1]:62294 [200]: GET /api/contacts
[Fri Aug 15 13:23:35 2025] [::1]:62294 Closing
[Fri Aug 15 13:23:39 2025] [::1]:62301 Accepted
[Fri Aug 15 13:23:39 2025] [::1]:62301 [200]: GET /upload.php
[Fri Aug 15 13:23:39 2025] [::1]:62301 Closing
[Fri Aug 15 13:23:39 2025] [::1]:62302 Accepted
[Fri Aug 15 13:23:39 2025] [::1]:62302 [200]: GET /upload.php
[Fri Aug 15 13:23:39 2025] [::1]:62302 Closing
[Fri Aug 15 13:24:08 2025] [::1]:62340 Accepted
[Fri Aug 15 13:24:08 2025] [::1]:62340 [200]: OPTIONS /api/products
[Fri Aug 15 13:24:08 2025] [::1]:62340 Closing
[Fri Aug 15 13:24:08 2025] [::1]:62342 Accepted
[Fri Aug 15 13:24:08 2025] [::1]:62342 [200]: GET /api/products
[Fri Aug 15 13:24:08 2025] [::1]:62342 Closing
[Fri Aug 15 13:24:08 2025] [::1]:62343 Accepted
[Fri Aug 15 13:24:08 2025] [::1]:62343 [200]: GET /api/texts-common
[Fri Aug 15 13:24:08 2025] [::1]:62343 Closing
[Fri Aug 15 13:24:08 2025] [::1]:62344 Accepted
[Fri Aug 15 13:24:08 2025] [::1]:62344 [200]: GET /api/texts-common
[Fri Aug 15 13:24:08 2025] [::1]:62344 Closing
[Fri Aug 15 13:24:17 2025] [::1]:62351 Accepted
[Fri Aug 15 13:24:17 2025] [::1]:62351 [200]: GET /upload.php
[Fri Aug 15 13:24:17 2025] [::1]:62351 Closing
[Fri Aug 15 13:24:17 2025] [::1]:62353 Accepted
[Fri Aug 15 13:24:17 2025] [::1]:62353 [200]: GET /upload.php
[Fri Aug 15 13:24:17 2025] [::1]:62353 Closing
[Fri Aug 15 13:24:23 2025] [::1]:62354 Accepted
[Fri Aug 15 13:24:23 2025] [::1]:62354 [200]: OPTIONS /api/
[Fri Aug 15 13:24:23 2025] [::1]:62354 Closing
[Fri Aug 15 13:24:23 2025] [::1]:62355 Accepted
[Fri Aug 15 13:24:23 2025] [::1]:62355 [200]: POST /api/
[Fri Aug 15 13:24:23 2025] [::1]:62355 Closing
[Fri Aug 15 13:24:25 2025] [::1]:62370 Accepted
[Fri Aug 15 13:24:25 2025] [::1]:62370 [200]: OPTIONS /api/products
[Fri Aug 15 13:24:25 2025] [::1]:62370 Closing
[Fri Aug 15 13:24:25 2025] [::1]:62372 Accepted
[Fri Aug 15 13:24:25 2025] [::1]:62372 [200]: GET /api/products
[Fri Aug 15 13:24:25 2025] [::1]:62372 Closing
[Fri Aug 15 13:24:25 2025] [::1]:62373 Accepted
[Fri Aug 15 13:24:25 2025] [::1]:62373 [200]: GET /api/texts-common
[Fri Aug 15 13:24:25 2025] [::1]:62373 Closing
[Fri Aug 15 13:24:25 2025] [::1]:62374 Accepted
[Fri Aug 15 13:24:25 2025] [::1]:62374 [200]: GET /api/texts-common
[Fri Aug 15 13:24:25 2025] [::1]:62374 Closing
[Fri Aug 15 13:24:29 2025] [::1]:62379 Accepted
[Fri Aug 15 13:24:29 2025] [::1]:62380 Accepted
[Fri Aug 15 13:24:29 2025] [::1]:62379 [200]: GET /api/texts-common
[Fri Aug 15 13:24:29 2025] [::1]:62379 Closing
[Fri Aug 15 13:24:29 2025] [::1]:62380 [200]: GET /api/products
[Fri Aug 15 13:24:29 2025] [::1]:62380 Closing
[Fri Aug 15 13:24:29 2025] [::1]:62381 Accepted
[Fri Aug 15 13:24:29 2025] [::1]:62381 [200]: GET /api/texts-common
[Fri Aug 15 13:24:29 2025] [::1]:62381 Closing
[Fri Aug 15 13:24:29 2025] [::1]:62382 Accepted
[Fri Aug 15 13:24:29 2025] [::1]:62382 [200]: GET /api/products
[Fri Aug 15 13:24:29 2025] [::1]:62382 Closing
[Fri Aug 15 13:24:31 2025] [::1]:62386 Accepted
[Fri Aug 15 13:24:31 2025] [::1]:62386 [200]: OPTIONS /api/products
[Fri Aug 15 13:24:31 2025] [::1]:62386 Closing
[Fri Aug 15 13:24:31 2025] [::1]:62387 Accepted
[Fri Aug 15 13:24:31 2025] [::1]:62387 [200]: OPTIONS /api/products
[Fri Aug 15 13:24:31 2025] [::1]:62387 Closing
[Fri Aug 15 13:24:31 2025] [::1]:62389 Accepted
[Fri Aug 15 13:24:31 2025] [::1]:62389 [200]: GET /api/products
[Fri Aug 15 13:24:31 2025] [::1]:62389 Closing
[Fri Aug 15 13:24:31 2025] [::1]:62391 Accepted
[Fri Aug 15 13:24:31 2025] [::1]:62391 [200]: GET /api/products
[Fri Aug 15 13:24:31 2025] [::1]:62391 Closing
[Fri Aug 15 13:24:31 2025] [::1]:62392 Accepted
[Fri Aug 15 13:24:31 2025] [::1]:62392 [200]: GET /api/texts-common
[Fri Aug 15 13:24:31 2025] [::1]:62392 Closing
[Fri Aug 15 13:24:31 2025] [::1]:62393 Accepted
[Fri Aug 15 13:24:31 2025] [::1]:62393 [200]: GET /api/texts-common
[Fri Aug 15 13:24:31 2025] [::1]:62393 Closing
[Fri Aug 15 13:24:33 2025] [::1]:62400 Accepted
[Fri Aug 15 13:24:33 2025] [::1]:62400 [200]: GET /api/products
[Fri Aug 15 13:24:33 2025] [::1]:62400 Closing
[Fri Aug 15 13:24:33 2025] [::1]:62401 Accepted
[Fri Aug 15 13:24:33 2025] [::1]:62401 [200]: GET /api/texts-common
[Fri Aug 15 13:24:33 2025] [::1]:62401 Closing
[Fri Aug 15 13:24:33 2025] [::1]:62402 Accepted
[Fri Aug 15 13:24:33 2025] [::1]:62402 [200]: GET /api/texts-common
[Fri Aug 15 13:24:33 2025] [::1]:62402 Closing
[Fri Aug 15 13:24:39 2025] [::1]:62415 Accepted
[Fri Aug 15 13:24:39 2025] [::1]:62415 [200]: OPTIONS /api/products
[Fri Aug 15 13:24:39 2025] [::1]:62415 Closing
[Fri Aug 15 13:24:39 2025] [::1]:62417 Accepted
[Fri Aug 15 13:24:39 2025] [::1]:62417 [200]: GET /api/products
[Fri Aug 15 13:24:39 2025] [::1]:62417 Closing
[Fri Aug 15 13:24:39 2025] [::1]:62418 Accepted
[Fri Aug 15 13:24:39 2025] [::1]:62418 [200]: GET /api/texts-common
[Fri Aug 15 13:24:39 2025] [::1]:62418 Closing
[Fri Aug 15 13:24:39 2025] [::1]:62419 Accepted
[Fri Aug 15 13:24:39 2025] [::1]:62419 [200]: GET /api/texts-common
[Fri Aug 15 13:24:39 2025] [::1]:62419 Closing
